[src] ngoclinh:products -> products.jsonl
[src] ngoclinh:products: 18 records
[src] ngoclinh:posts -> articles.jsonl
[src] ngoclinh:posts: 88 records
[src] ngoclinh:pages -> articles.jsonl
[warn] ngoclinh:pages item 2244 rỗng — bỏ qua
[warn] ngoclinh:pages item 2127 rỗng — bỏ qua
[warn] ngoclinh:pages item 1940 rỗng — bỏ qua
[warn] ngoclinh:pages item 1920 rỗng — bỏ qua
[warn] ngoclinh:pages item 1901 rỗng — bỏ qua
[warn] ngoclinh:pages item 1867 rỗng — bỏ qua
[warn] ngoclinh:pages item 1864 rỗng — bỏ qua
[warn] ngoclinh:pages item 1395 rỗng — bỏ qua
[warn] ngoclinh:pages item 1096 rỗng — bỏ qua
[warn] ngoclinh:pages item 546 rỗng — bỏ qua
[warn] ngoclinh:pages item 533 rỗng — bỏ qua
[warn] ngoclinh:pages item 515 rỗng — bỏ qua
[warn] ngoclinh:pages item 76 rỗng — bỏ qua
[warn] ngoclinh:pages item 70 rỗng — bỏ qua
[warn] ngoclinh:pages item 17 rỗng — bỏ qua
[warn] ngoclinh:pages item 16 rỗng — bỏ qua
[warn] ngoclinh:pages item 15 rỗng — bỏ qua
[warn] ngoclinh:pages item 14 rỗng — bỏ qua
[src] ngoclinh:pages: 2 records
[src] netvn:shops -> products.jsonl
[src] netvn:shops: 9 records
[src] netvn:about -> about.jsonl
[src] netvn:about: 4 records
[src] netvn:news -> news.jsonl
[warn] netvn:news http://samsam.net.vn/vi/news/bao-chi-noi-ve-chung-toi/day-manh-cong-nghe-4-0-vao-bao-ton-phat-trien-cay-sam-quy-ngoc-linh-bao-dai-doan-ket-14.html: trang rỗng, retry 1
[warn] netvn:news http://samsam.net.vn/vi/news/bao-chi-noi-ve-chung-toi/day-manh-cong-nghe-4-0-vao-bao-ton-phat-trien-cay-sam-quy-ngoc-linh-bao-dai-doan-ket-14.html: trang rỗng, retry 2
[src] netvn:news: 31 records
[src] netvn:camnang -> news.jsonl
[src] netvn:camnang: 10 records
[src] ngoclinh:distributors -> articles.jsonl
[src] ngoclinh:distributors: 13 records
[done] products.jsonl: 27 records -> D:\code\samsam\data\products.jsonl
[done] articles.jsonl: 103 records -> D:\code\samsam\data\articles.jsonl
[done] about.jsonl: 4 records -> D:\code\samsam\data\about.jsonl
[done] news.jsonl: 41 records -> D:\code\samsam\data\news.jsonl
