# D4.3 verify: python scripts/zalo_mock.py chạy 2 lần LIÊN TIẾP (<1h)
# Trước vá: lần 2 bị dedup sqlite chặn (msg_id cố định mock0-2) -> timeout fail.
# Sau vá: msg_id unique per run (suffix epoch-ms) -> cả 2 lần exit 0.

=== RUN 1 ===
[u1] Saphraton giá bao nhiêu?  (POST 200)
[u2] Sâm Sâm có showroom ở đâu?  (POST 200)
[u3] Saphraton chữa được ung thư không?  (POST 200)
[u1] -> Saphraton hộp 80 viên: 1.000.000 đ; gói Saphraton 20V: 236.000 đ.
Nguồn: http://samsam.net.vn/vi/news/tin-tuc-bai-viet/saphraton-san-pham-ocop-5-sao-cap-quoc-gia-40.html
      ✓ kỳ vọng chứa '1.000.000'
[u2] -> Sâm Sâm có showroom tại địa chỉ: 425 Phan Bội Châu, phường Bàn Thạch, Thành Phố Đà Nẵng.
Nguồn: http://samsam.net.vn/vi/news/tin-tuc-bai-viet/khai-truong-showroom-sam-ngoc-linh-sam-sam-43.html
      ✓ kỳ vọng chứa 'Phan Bội Châu'
[u3] -> Chưa đủ dữ liệu để trả lời.
      ✓ kỳ vọng chứa 'Chưa đủ dữ liệu'
[done] 3/3 hội thoại đúng — exit 0

=== RUN 2 (ngay sau run 1, cùng zalo_seen.db) ===
[u1] Saphraton giá bao nhiêu?  (POST 200)
[u2] Sâm Sâm có showroom ở đâu?  (POST 200)
[u3] Saphraton chữa được ung thư không?  (POST 200)
[u1] -> Saphraton hộp 80 viên: 1.000.000 đ; gói Saphraton 20V: 236.000 đ.
Nguồn: http://samsam.net.vn/vi/news/tin-tuc-bai-viet/saphraton-san-pham-ocop-5-sao-cap-quoc-gia-40.html
      ✓ kỳ vọng chứa '1.000.000'
[u2] -> Sâm Sâm có showroom tại địa chỉ: 425 Phan Bội Châu, phường Bàn Thạch, Thành Phố Đà Nẵng.
Nguồn: http://samsam.net.vn/vi/news/tin-tuc-bai-viet/khai-truong-showroom-sam-ngoc-linh-sam-sam-43.html
      ✓ kỳ vọng chứa 'Phan Bội Châu'
[u3] -> Chưa đủ dữ liệu để trả lời.
      ✓ kỳ vọng chứa 'Chưa đủ dữ liệu'
[done] 3/3 hội thoại đúng — exit 0

# Side-check convlog v2 trên data/conversations.jsonl thật (2 dòng cuối):
# {msg_id: 'mock0-1791151533333', user_hash: 'bb82030dbc2bcaba', ...,
#  guardrail_ok: true, answered: true, sent: true}
# → msg_id unique per run + field `sent` có mặt trong schema mới.
