[mock] webhook http://127.0.0.1:51551/zalo-webhook

[u1] Saphraton giá bao nhiêu?  (POST 200)
[u2] Sâm Sâm có showroom ở đâu?  (POST 200)
[u3] Saphraton chữa được ung thư không?  (POST 200)
[u1] -> Saphraton hộp 80 viên: 1.000.000 đ; gói Saphraton 20V: 236.000 đ.
Nguồn: http://samsam.net.vn/vi/news/tin-tuc-bai-viet/saphraton-san-pham-ocop-5-sao-cap-quoc-gia-40.html
      ✓ kỳ vọng chứa '1.000.000'
[u2] -> Sâm Sâm có showroom tại địa chỉ: 425 Phan Bội Châu, phường Bàn Thạch, Thành Phố Đà Nẵng.
Nguồn: http://samsam.net.vn/vi/news/tin-tuc-bai-viet/khai-truong-showroom-sam-ngoc-linh-sam-sam-43.html
      ✓ kỳ vọng chứa 'Phan Bội Châu'
[u3] -> Chưa đủ dữ liệu để trả lời.
      ✓ kỳ vọng chứa 'Chưa đủ dữ liệu'

[done] 3/3 hội thoại đúng
RUN1_EXIT=0
[mock] webhook http://127.0.0.1:61511/zalo-webhook

[u1] Saphraton giá bao nhiêu?  (POST 200)
[u2] Sâm Sâm có showroom ở đâu?  (POST 200)
[u3] Saphraton chữa được ung thư không?  (POST 200)
[u1] -> Saphraton hộp 80 viên: 1.000.000 đ; gói Saphraton 20V: 236.000 đ.
Nguồn: http://samsam.net.vn/vi/news/tin-tuc-bai-viet/saphraton-san-pham-ocop-5-sao-cap-quoc-gia-40.html
      ✓ kỳ vọng chứa '1.000.000'
[u2] -> Sâm Sâm có showroom tại địa chỉ: 425 Phan Bội Châu, phường Bàn Thạch, Thành Phố Đà Nẵng.
Nguồn: http://samsam.net.vn/vi/news/tin-tuc-bai-viet/khai-truong-showroom-sam-ngoc-linh-sam-sam-43.html
      ✓ kỳ vọng chứa 'Phan Bội Châu'
[u3] -> Chưa đủ dữ liệu để trả lời.
      ✓ kỳ vọng chứa 'Chưa đủ dữ liệu'

[done] 3/3 hội thoại đúng
RUN2_EXIT=0
